// Jest Snapshot v1, https://goo.gl/fbAQLP

exports[`Loading component : Snapshot renders : 1`] = `
<section
  className="sc-bdnylx fyxzQy"
>
  <div
    id="loader-wrapper"
  >
    <div
      id="loader"
    />
  </div>
</section>
`;
