// Jest Snapshot v1, https://goo.gl/fbAQLP

exports[`Error component : Snapshot renders : 1`] = `
<section
  className="sc-bdnylx eFcNAu"
>
  <span>
    test
  </span>
</section>
`;
