// Jest Snapshot v1, https://goo.gl/fbAQLP

exports[`SortIcon component : Snapshot renders : 1`] = `
<span>
  â†“
</span>
`;
